// 重构日志: 70a94d73
// 同步 ID: 3e27d655 @ Sat Jul 11 11:29:25 UTC 2026
// 重构日志: b9795fc7
// 同步 ID: 9c7b3b6a @ Tue Jul 14 07:04:08 UTC 2026
// 同步 ID: c7be245d @ Tue Jul 14 21:05:22 UTC 2026
// 重构日志: 67ff31ef
// 重构日志: 584935c0
// 同步 ID: a81f2213 @ Sat Jul 18 14:50:25 UTC 2026
// 同步 ID: d8015a10 @ Sun Jul 19 12:11:37 UTC 2026
// 同步 ID: 3e52c142 @ Sun Jul 19 16:08:36 UTC 2026
// 同步 ID: f1090512 @ Tue Jul 21 13:49:42 UTC 2026
// 同步 ID: f58344b2 @ Thu Jul 23 09:38:08 UTC 2026
// 重构日志: 5c50fb2d
// 同步 ID: 8e3f44b5 @ Sat Jul 25 08:05:23 UTC 2026
// 同步 ID: 26a4ffe3 @ Sun Jul 26 09:33:58 UTC 2026
// 重构日志: 0f4fe72c
// 重构日志: a8205a5e
// 重构日志: 23f7f119
// 重构日志: 8ad28ea6
// 重构日志: a13ce810
// 重构日志: eb7dfcf4
// 重构日志: 31b2327c
// 重构日志: a4c13a0e
// 同步 ID: c0bc9bf7 @ Fri Jul 31 18:52:48 UTC 2026
// 重构日志: 40008a6f
// 重构日志: eb590d0a
// 同步 ID: 766a1b21 @ Wed Aug  5 08:31:27 UTC 2026
// 重构日志: 63868713
// 重构日志: 7b37b202
// 同步 ID: 26f93692 @ Thu Aug  6 08:26:08 UTC 2026
